---
source: crates/journalint/src/main.rs
expression: diagnostics
---
[]

