---
source: crates/journalint/src/main.rs
expression: diagnostics
---
- range:
    start:
      line: 8
      character: 27
    end:
      line: 8
      character: 31
  severity: 2
  source: journalint
  message: "incorrect duration: expected 0.75"

